2025-06-07 13:48:21 [background-preinit] INFO  o.h.validator.internal.util.Version - HV000001: Hibernate Validator 8.0.2.Final
2025-06-07 13:48:21 [main] INFO  roomescape.RoomescapeApplication - Starting RoomescapeApplication using Java 21.0.6 with PID 66031 (/Users/chlee/Desktop/우아한 테크코스/spring-roomescape-payment/build/classes/java/main started by chlee in /Users/chlee/Desktop/우아한 테크코스/spring-roomescape-payment)
2025-06-07 13:48:21 [main] INFO  roomescape.RoomescapeApplication - No active profile set, falling back to 1 default profile: "default"
2025-06-07 13:48:21 [main] INFO  o.s.d.r.c.RepositoryConfigurationDelegate - Bootstrapping Spring Data JPA repositories in DEFAULT mode.
2025-06-07 13:48:21 [main] INFO  o.s.d.r.c.RepositoryConfigurationDelegate - Finished Spring Data repository scanning in 24 ms. Found 5 JPA repository interfaces.
2025-06-07 13:48:21 [main] INFO  o.s.b.w.e.tomcat.TomcatWebServer - Tomcat initialized with port 8080 (http)
2025-06-07 13:48:21 [main] INFO  o.a.coyote.http11.Http11NioProtocol - Initializing ProtocolHandler ["http-nio-8080"]
2025-06-07 13:48:21 [main] INFO  o.a.catalina.core.StandardService - Starting service [Tomcat]
2025-06-07 13:48:21 [main] INFO  o.a.catalina.core.StandardEngine - Starting Servlet engine: [Apache Tomcat/10.1.39]
2025-06-07 13:48:21 [main] INFO  o.a.c.c.C.[Tomcat].[localhost].[/] - Initializing Spring embedded WebApplicationContext
2025-06-07 13:48:21 [main] INFO  o.s.b.w.s.c.ServletWebServerApplicationContext - Root WebApplicationContext: initialization completed in 596 ms
2025-06-07 13:48:21 [main] INFO  o.h.jpa.internal.util.LogHelper - HHH000204: Processing PersistenceUnitInfo [name: default]
2025-06-07 13:48:21 [main] INFO  org.hibernate.Version - HHH000412: Hibernate ORM core version 6.6.11.Final
2025-06-07 13:48:21 [main] INFO  o.h.c.i.RegionFactoryInitiator - HHH000026: Second-level cache disabled
2025-06-07 13:48:21 [main] INFO  o.s.o.j.p.SpringPersistenceUnitInfo - No LoadTimeWeaver setup: ignoring JPA class transformer
2025-06-07 13:48:21 [main] INFO  com.zaxxer.hikari.HikariDataSource - HikariPool-1 - Starting...
2025-06-07 13:48:22 [main] INFO  com.zaxxer.hikari.pool.HikariPool - HikariPool-1 - Added connection conn0: url=jdbc:h2:mem:database user=SA
2025-06-07 13:48:22 [main] INFO  com.zaxxer.hikari.HikariDataSource - HikariPool-1 - Start completed.
2025-06-07 13:48:22 [main] INFO  o.hibernate.orm.connections.pooling - HHH10001005: Database info:
	Database JDBC URL [Connecting through datasource 'HikariDataSource (HikariPool-1)']
	Database driver: undefined/unknown
	Database version: 2.3.232
	Autocommit mode: undefined/unknown
	Isolation level: undefined/unknown
	Minimum pool size: undefined/unknown
	Maximum pool size: undefined/unknown
2025-06-07 13:48:22 [main] INFO  o.h.e.t.j.p.i.JtaPlatformInitiator - HHH000489: No JTA platform available (set 'hibernate.transaction.jta.platform' to enable JTA platform integration)
2025-06-07 13:48:22 [main] INFO  o.s.o.j.LocalContainerEntityManagerFactoryBean - Initialized JPA EntityManagerFactory for persistence unit 'default'
2025-06-07 13:48:22 [main] INFO  o.s.d.j.r.query.QueryEnhancerFactory - Hibernate is in classpath; If applicable, HQL parser will be used.
2025-06-07 13:48:23 [main] INFO  o.s.b.a.w.s.WelcomePageHandlerMapping - Adding welcome page template: index
2025-06-07 13:48:23 [main] INFO  o.s.b.a.h.H2ConsoleAutoConfiguration - H2 console available at '/h2-console'. Database available at 'jdbc:h2:mem:database'
2025-06-07 13:48:23 [main] INFO  o.a.coyote.http11.Http11NioProtocol - Starting ProtocolHandler ["http-nio-8080"]
2025-06-07 13:48:23 [main] INFO  o.s.b.w.e.tomcat.TomcatWebServer - Tomcat started on port 8080 (http) with context path '/'
2025-06-07 13:48:23 [main] INFO  roomescape.RoomescapeApplication - Started RoomescapeApplication in 2.606 seconds (process running for 2.83)
2025-06-07 13:48:24 [http-nio-8080-exec-1] INFO  o.a.c.c.C.[Tomcat].[localhost].[/] - Initializing Spring DispatcherServlet 'dispatcherServlet'
2025-06-07 13:48:24 [http-nio-8080-exec-1] INFO  o.s.web.servlet.DispatcherServlet - Initializing Servlet 'dispatcherServlet'
2025-06-07 13:48:24 [http-nio-8080-exec-1] INFO  o.s.web.servlet.DispatcherServlet - Completed initialization in 1 ms
2025-06-07 13:48:24 [http-nio-8080-exec-1] WARN  r.exception.GlobalExceptionHandler - 0:0:0:0:0:0:0:1 63755 /admin/time null 쿠키가 존재하지 않습니다.
2025-06-07 13:48:25 [http-nio-8080-exec-3] WARN  r.exception.GlobalExceptionHandler - 0:0:0:0:0:0:0:1 63756 /admin/time null 쿠키가 존재하지 않습니다.
2025-06-07 13:48:25 [http-nio-8080-exec-4] WARN  r.exception.GlobalExceptionHandler - 0:0:0:0:0:0:0:1 63757 /admin/time null 쿠키가 존재하지 않습니다.
2025-06-07 13:48:25 [http-nio-8080-exec-5] WARN  r.exception.GlobalExceptionHandler - 0:0:0:0:0:0:0:1 63762 /admin/time null 쿠키가 존재하지 않습니다.
2025-06-07 13:48:28 [http-nio-8080-exec-1] WARN  r.exception.GlobalExceptionHandler - 0:0:0:0:0:0:0:1 63766 /login/check null 쿠키가 존재하지 않습니다.
2025-06-07 13:48:29 [http-nio-8080-exec-4] WARN  r.exception.GlobalExceptionHandler - 0:0:0:0:0:0:0:1 63765 /login/check null 쿠키가 존재하지 않습니다.
2025-06-07 13:48:49 [http-nio-8080-exec-9] INFO  roomescape.logging.LoggingAspect - 0:0:0:0:0:0:0:1 63775 ReservationService.createForAdmin(..) /admin/reservations 41ms ADMIN 어드민 asd@naver.com AdminReservationRequest[date=2025-06-19, themeId=3, timeId=1, memberId=1] ReservationResponse[id=123, date=2025-06-19, member=MemberResponse[id=1, name=Alice], time=ReservationTimeResponse[id=1, startAt=09:00], theme=ThemeResponse[id=3, name=Zombie Lab, description=Find the cure before zombies take over, thumbnail=https://upload.wikimedia.org/wikipedia/commons/thumb/5/54/Arth_tapestry2.jpg/500px-Arth_tapestry2.jpg]]
2025-06-07 13:48:55 [http-nio-8080-exec-1] INFO  roomescape.logging.LoggingAspect - 0:0:0:0:0:0:0:1 63777 ThemeService.create(..) /themes 4ms ADMIN 어드민 asd@naver.com ThemeRequest[name=3, description=4, thumbnail=1233] ThemeResponse[id=11, name=3, description=4, thumbnail=1233]
2025-06-07 13:49:02 [http-nio-8080-exec-7] INFO  roomescape.logging.LoggingAspect - 0:0:0:0:0:0:0:1 63779 ReservationTimeService.create(..) /times 9ms ADMIN 어드민 asd@naver.com ReservationTimeRequest[startAt=13:50] ReservationTimeResponse[id=11, startAt=13:50]
2025-06-07 13:49:12 [http-nio-8080-exec-5] WARN  r.exception.GlobalExceptionHandler - 0:0:0:0:0:0:0:1 63779 /times ADMIN 어드민 asd@naver.com 예약시간이 이미 존재합니다.
2025-06-07 13:49:13 [http-nio-8080-exec-8] WARN  r.exception.GlobalExceptionHandler - 0:0:0:0:0:0:0:1 63779 /times ADMIN 어드민 asd@naver.com 예약시간이 이미 존재합니다.
2025-06-07 13:49:13 [http-nio-8080-exec-4] WARN  r.exception.GlobalExceptionHandler - 0:0:0:0:0:0:0:1 63779 /times ADMIN 어드민 asd@naver.com 예약시간이 이미 존재합니다.
2025-06-07 13:49:14 [http-nio-8080-exec-3] WARN  r.exception.GlobalExceptionHandler - 0:0:0:0:0:0:0:1 63779 /times ADMIN 어드민 asd@naver.com 예약시간이 이미 존재합니다.
2025-06-07 13:49:21 [http-nio-8080-exec-9] INFO  roomescape.logging.LoggingAspect - 0:0:0:0:0:0:0:1 63777 ThemeService.create(..) /themes 3ms ADMIN 어드민 asd@naver.com ThemeRequest[name=3, description=4, thumbnail=1233] ThemeResponse[id=12, name=3, description=4, thumbnail=1233]
2025-06-07 13:49:36 [http-nio-8080-exec-9] WARN  r.exception.GlobalExceptionHandler - 0:0:0:0:0:0:0:1 63777 /admin/reservations ADMIN 어드민 asd@naver.com 이미 존재하는 예약입니다.
2025-06-07 13:49:36 [http-nio-8080-exec-1] WARN  r.exception.GlobalExceptionHandler - 0:0:0:0:0:0:0:1 63777 /admin/reservations ADMIN 어드민 asd@naver.com 이미 존재하는 예약입니다.
2025-06-07 13:49:38 [SpringApplicationShutdownHook] INFO  o.s.b.w.e.tomcat.GracefulShutdown - Commencing graceful shutdown. Waiting for active requests to complete
2025-06-07 13:49:38 [tomcat-shutdown] INFO  o.s.b.w.e.tomcat.GracefulShutdown - Graceful shutdown complete
2025-06-07 13:49:38 [SpringApplicationShutdownHook] INFO  o.s.o.j.LocalContainerEntityManagerFactoryBean - Closing JPA EntityManagerFactory for persistence unit 'default'
2025-06-07 13:49:38 [SpringApplicationShutdownHook] INFO  com.zaxxer.hikari.HikariDataSource - HikariPool-1 - Shutdown initiated...
2025-06-07 13:49:38 [SpringApplicationShutdownHook] INFO  com.zaxxer.hikari.HikariDataSource - HikariPool-1 - Shutdown completed.
